10:42:20 **** Incremental Build of configuration Debug for project ADC-GPIO-Test ****
make -j8 all 
arm-none-eabi-gcc "../Core/Src/main.c" -mcpu=cortex-m4 -std=gnu11 -g3 -DDEBUG -DUSE_HAL_DRIVER -DSTM32F401xC -c -I../Core/Inc -I../Drivers/STM32F4xx_HAL_Driver/Inc -I../Drivers/STM32F4xx_HAL_Driver/Inc/Legacy -I../Drivers/CMSIS/Device/ST/STM32F4xx/Include -I../Drivers/CMSIS/Include -O0 -ffunction-sections -fdata-sections -Wall -fstack-usage -MMD -MP -MF"Core/Src/main.d" -MT"Core/Src/main.o" --specs=nano.specs -mfpu=fpv4-sp-d16 -mfloat-abi=hard -mthumb -o "Core/Src/main.o"
arm-none-eabi-gcc -o "ADC-GPIO-Test.elf" @"objects.list"   -mcpu=cortex-m4 -T"C:\Users\neon\Documents\GitHub\STM32-Tutorials\ADC\ADC-GPIO-Test\STM32F401CCUX_FLASH.ld" --specs=nosys.specs -Wl,-Map="ADC-GPIO-Test.map" -Wl,--gc-sections -static --specs=nano.specs -mfpu=fpv4-sp-d16 -mfloat-abi=hard -mthumb -Wl,--start-group -lc -lm -Wl,--end-group
Finished building target: ADC-GPIO-Test.elf
 
arm-none-eabi-size   ADC-GPIO-Test.elf 
arm-none-eabi-objdump -h -S  ADC-GPIO-Test.elf  > "ADC-GPIO-Test.list"
   text	   data	    bss	    dec	    hex	filename
   8176	     20	   1644	   9840	   2670	ADC-GPIO-Test.elf
Finished building: default.size.stdout
 
Finished building: ADC-GPIO-Test.list
 

10:42:23 Build Finished. 0 errors, 0 warnings. (took 2s.829ms)

