12:03:30 **** Incremental Build of configuration Debug for project STM32-ADC-GPIO ****
make -j8 all 
arm-none-eabi-gcc "../Core/Src/main.c" -mcpu=cortex-m4 -std=gnu11 -g3 -DDEBUG -DUSE_HAL_DRIVER -DSTM32F401xC -c -I../Core/Inc -I../Drivers/STM32F4xx_HAL_Driver/Inc -I../Drivers/STM32F4xx_HAL_Driver/Inc/Legacy -I../Drivers/CMSIS/Device/ST/STM32F4xx/Include -I../Drivers/CMSIS/Include -O0 -ffunction-sections -fdata-sections -Wall -fstack-usage -MMD -MP -MF"Core/Src/main.d" -MT"Core/Src/main.o" --specs=nano.specs -mfpu=fpv4-sp-d16 -mfloat-abi=hard -mthumb -o "Core/Src/main.o"
../Core/Src/main.c: In function 'main':
../Core/Src/main.c:97:1: warning: this 'while' clause does not guard... [-Wmisleading-indentation]
   97 | while(1);
      | ^~~~~
../Core/Src/main.c:100:3: note: ...this statement, but the latter is misleadingly indented as if it were guarded by the 'while'
  100 |   while (1)
      |   ^~~~~
arm-none-eabi-gcc -o "STM32-ADC-GPIO.elf" @"objects.list"   -mcpu=cortex-m4 -T"C:\Users\neon\Documents\GitHub\STM32-Tutorials\ADC\STM32-ADC-GPIO\STM32F401CCUX_FLASH.ld" --specs=nosys.specs -Wl,-Map="STM32-ADC-GPIO.map" -Wl,--gc-sections -static --specs=nano.specs -mfpu=fpv4-sp-d16 -mfloat-abi=hard -mthumb -Wl,--start-group -lc -lm -Wl,--end-group
Finished building target: STM32-ADC-GPIO.elf
 
arm-none-eabi-size   STM32-ADC-GPIO.elf 
arm-none-eabi-objdump -h -S  STM32-ADC-GPIO.elf  > "STM32-ADC-GPIO.list"
   text	   data	    bss	    dec	    hex	filename
   7308	     20	   1644	   8972	   230c	STM32-ADC-GPIO.elf
Finished building: default.size.stdout
 
Finished building: STM32-ADC-GPIO.list
 

12:03:30 Build Finished. 0 errors, 1 warnings. (took 663ms)

